// Jest Snapshot v1, https://goo.gl/fbAQLP

exports[`App counter component takes snapshot 1`] = `
<div
  className="App"
>
  <p>
    Count : 
    0
  </p>
  <button
    onClick={[Function]}
  >
    Increment Count
  </button>
</div>
`;
